[debug] [2026-09-18T15:12:44.425Z] ----------------------------------------------------------------------
[debug] [2026-09-18T15:12:44.439Z] Command:       /usr/local/bin/node /usr/local/bin/firebase projects:list
[debug] [2026-09-18T15:12:44.439Z] CLI Version:   15.26.0
[debug] [2026-09-18T15:12:44.440Z] Platform:      linux
[debug] [2026-09-18T15:12:44.440Z] Node Version:  v22.23.2
[debug] [2026-09-18T15:12:44.440Z] Detected Agent: unknown
[debug] [2026-09-18T15:12:44.440Z] Time:          Fri Sep 18 2026 15:12:44 GMT+0000 (Coordinated Universal Time)
[debug] [2026-09-18T15:12:44.441Z] ----------------------------------------------------------------------
[debug] 
[debug] [2026-09-18T15:12:44.464Z] >>> [apiv2][query] GET https://firebase-public.firebaseio.com/cli.json [none]
[debug] [2026-09-18T15:12:44.705Z] > command requires scopes: ["email","openid","https://www.googleapis.com/auth/cloudplatformprojects.readonly","https://www.googleapis.com/auth/firebase","https://www.googleapis.com/auth/cloud-platform"]
[debug] [2026-09-18T15:12:44.762Z] Running auto auth
[debug] [2026-09-18T15:12:44.767Z] No OAuth tokens found
[debug] [2026-09-18T15:12:44.768Z] >>> [apiv2][query] GET https://firebase.googleapis.com/v1beta1/projects pageSize=1000
[debug] [2026-09-18T15:12:44.847Z] <<< [apiv2][status] GET https://firebase.googleapis.com/v1beta1/projects 403
[debug] [2026-09-18T15:12:44.847Z] <<< [apiv2][body] GET https://firebase.googleapis.com/v1beta1/projects [omitted]
[debug] [2026-09-18T15:12:44.847Z] Request to https://firebase.googleapis.com/v1beta1/projects?pageSize=1000 had HTTP Error: 403, Firebase Management API has not been used in project 679905790909 before or it is disabled. Enable it by visiting https://console.developers.google.com/apis/api/firebase.googleapis.com/overview?project=679905790909 then retry. If you enabled this API recently, wait a few minutes for the action to propagate to our systems and retry.
[debug] [2026-09-18T15:12:44.849Z] FirebaseError: Request to https://firebase.googleapis.com/v1beta1/projects?pageSize=1000 had HTTP Error: 403, Firebase Management API has not been used in project 679905790909 before or it is disabled. Enable it by visiting https://console.developers.google.com/apis/api/firebase.googleapis.com/overview?project=679905790909 then retry. If you enabled this API recently, wait a few minutes for the action to propagate to our systems and retry.
    at responseToError (/usr/local/lib/node_modules/firebase-tools/lib/responseToError.js:53:12)
    at RetryOperation._fn (/usr/local/lib/node_modules/firebase-tools/lib/apiv2.js:415:77)
    at process.processTicksAndRejections (node:internal/process/task_queues:103:5)
[error] 
[error] Error: Failed to list Firebase projects. See firebase-debug.log for more info.
